Resource Usage Report for cdh_tsat5_system_sb 

Mapping to part: m2s010tq144std
Cell usage:
CCC             1 use
CLKINT          4 uses
MSS_010         1 use
OR3             1 use
RCOSC_25_50MHZ  1 use
RCOSC_25_50MHZ_FAB  1 use
SYSRESET        1 use
CFG1           4 uses
CFG2           67 uses
CFG3           77 uses
CFG4           182 uses

Carry cells:
ARI1            21 uses - used for arithmetic functions
ARI1            15 uses - used for Wide-Mux implementation
Total ARI1      36 uses


Sequential Cells: 
SLE            234 uses

DSP Blocks:    0 of 22 (0%)

I/O ports: 35
I/O primitives: 34
INBUF          5 uses
OUTBUF         29 uses


Global Clock Buffers: 4

Total LUTs:    366

Extra resources required for RAM and MACC interface logic during P&R:

RAM64x18 Interface Logic : SLEs = 72; LUTs = 72;
RAM1K18  Interface Logic : SLEs = 0; LUTs = 0;
MACC     Interface Logic : SLEs = 0; LUTs = 0;

Total number of SLEs after P&R:  234 + 72 + 0 + 0 = 306;
Total number of LUTs after P&R:  366 + 72 + 0 + 0 = 438;

