
Copyright (C) 1994-2018 Synopsys, Inc.
This Synopsys software and all associated documentation are proprietary to Synopsys, Inc.
and may only be used pursuant to the terms and conditions of a written license agreement
with Synopsys, Inc. All other use, reproduction, modification, or distribution of the
Synopsys software or the associated documentation is strictly prohibited.
Tool: Synplify Pro (R)
Build: N-2018.03M-SP1-1
Install: C:\Microsemi\Libero_SoC_v12.1\SynplifyPro
OS: Windows 6.2

Hostname: DESKTOP-7FLV13P

Implementation : synthesis
Synopsys HDL compiler and linker, Version comp2018q2p1, Build 223R, Built Oct 23 2018 09:18:38

Modified Files: 0
FID:  path (prevtimestamp, timestamp)

*******************************************************************
Modules that may have changed as a result of file changes: 0
MID:  lib.cell.view

*******************************************************************
Unmodified files: 23
FID:  path (timestamp)
0        C:\Microsemi\Libero_SoC_v12.1\SynplifyPro\lib\generic\smartfusion2.v (2018-12-21 00:52:13)
1        C:\Microsemi\Libero_SoC_v12.1\SynplifyPro\lib\vlog\hypermods.v (2018-12-21 00:52:16)
2        C:\Microsemi\Libero_SoC_v12.1\SynplifyPro\lib\vlog\scemi_objects.v (2018-12-21 00:52:16)
3        C:\Microsemi\Libero_SoC_v12.1\SynplifyPro\lib\vlog\scemi_pipes.svh (2018-12-21 00:52:16)
4        C:\Microsemi\Libero_SoC_v12.1\SynplifyPro\lib\vlog\umr_capim.v (2018-12-21 00:52:16)
20       C:\Users\Joseph Howarth\Documents\MBSat\libero_update\ManitobaSat-Flight-Software\mbsat-fsw-libero\component\Actel\DirectCore\CORESPI\5.2.104\rtl\vlog\core\corespi.v (2020-03-20 22:41:36)
21       C:\Users\Joseph Howarth\Documents\MBSat\libero_update\ManitobaSat-Flight-Software\mbsat-fsw-libero\component\Actel\DirectCore\CORESPI\5.2.104\rtl\vlog\core\spi.v (2020-03-20 22:41:36)
22       C:\Users\Joseph Howarth\Documents\MBSat\libero_update\ManitobaSat-Flight-Software\mbsat-fsw-libero\component\Actel\DirectCore\CORESPI\5.2.104\rtl\vlog\core\spi_chanctrl.v (2020-03-20 22:41:36)
23       C:\Users\Joseph Howarth\Documents\MBSat\libero_update\ManitobaSat-Flight-Software\mbsat-fsw-libero\component\Actel\DirectCore\CORESPI\5.2.104\rtl\vlog\core\spi_clockmux.v (2020-03-20 22:41:36)
24       C:\Users\Joseph Howarth\Documents\MBSat\libero_update\ManitobaSat-Flight-Software\mbsat-fsw-libero\component\Actel\DirectCore\CORESPI\5.2.104\rtl\vlog\core\spi_control.v (2020-03-20 22:41:36)
25       C:\Users\Joseph Howarth\Documents\MBSat\libero_update\ManitobaSat-Flight-Software\mbsat-fsw-libero\component\Actel\DirectCore\CORESPI\5.2.104\rtl\vlog\core\spi_fifo.v (2020-03-20 22:41:36)
26       C:\Users\Joseph Howarth\Documents\MBSat\libero_update\ManitobaSat-Flight-Software\mbsat-fsw-libero\component\Actel\DirectCore\CORESPI\5.2.104\rtl\vlog\core\spi_rf.v (2020-03-20 22:41:36)
9        C:\Users\Joseph Howarth\Documents\MBSat\libero_update\ManitobaSat-Flight-Software\mbsat-fsw-libero\component\Actel\DirectCore\CoreAPB3\4.1.100\rtl\vlog\core_obfuscated\coreapb3.v (2020-03-21 22:51:29)
10       C:\Users\Joseph Howarth\Documents\MBSat\libero_update\ManitobaSat-Flight-Software\mbsat-fsw-libero\component\Actel\DirectCore\CoreAPB3\4.1.100\rtl\vlog\core_obfuscated\coreapb3_iaddr_reg.v (2020-03-21 22:51:29)
11       C:\Users\Joseph Howarth\Documents\MBSat\libero_update\ManitobaSat-Flight-Software\mbsat-fsw-libero\component\Actel\DirectCore\CoreAPB3\4.1.100\rtl\vlog\core_obfuscated\coreapb3_muxptob3.v (2020-03-21 22:51:29)
12       C:\Users\Joseph Howarth\Documents\MBSat\libero_update\ManitobaSat-Flight-Software\mbsat-fsw-libero\component\Actel\DirectCore\CoreResetP\7.1.100\rtl\vlog\core\coreresetp.v (2020-03-14 10:41:10)
13       C:\Users\Joseph Howarth\Documents\MBSat\libero_update\ManitobaSat-Flight-Software\mbsat-fsw-libero\component\Actel\DirectCore\CoreResetP\7.1.100\rtl\vlog\core\coreresetp_pcie_hotreset.v (2020-03-14 10:41:10)
14       C:\Users\Joseph Howarth\Documents\MBSat\libero_update\ManitobaSat-Flight-Software\mbsat-fsw-libero\component\Actel\SgCore\OSC\2.0.101\osc_comps.v (2020-03-14 10:41:12)
15       C:\Users\Joseph Howarth\Documents\MBSat\libero_update\ManitobaSat-Flight-Software\mbsat-fsw-libero\component\work\cdh_tsat5_system_sb\CCC_0\cdh_tsat5_system_sb_CCC_0_FCCC.v (2020-03-28 17:50:41)
16       C:\Users\Joseph Howarth\Documents\MBSat\libero_update\ManitobaSat-Flight-Software\mbsat-fsw-libero\component\work\cdh_tsat5_system_sb\FABOSC_0\cdh_tsat5_system_sb_FABOSC_0_OSC.v (2020-03-28 17:50:44)
17       C:\Users\Joseph Howarth\Documents\MBSat\libero_update\ManitobaSat-Flight-Software\mbsat-fsw-libero\component\work\cdh_tsat5_system_sb\cdh_tsat5_system_sb.v (2020-03-28 17:50:44)
18       C:\Users\Joseph Howarth\Documents\MBSat\libero_update\ManitobaSat-Flight-Software\mbsat-fsw-libero\component\work\cdh_tsat5_system_sb_MSS\cdh_tsat5_system_sb_MSS.v (2020-03-28 17:50:13)
19       C:\Users\Joseph Howarth\Documents\MBSat\libero_update\ManitobaSat-Flight-Software\mbsat-fsw-libero\component\work\cdh_tsat5_system_sb_MSS\cdh_tsat5_system_sb_MSS_syn.v (2020-03-28 17:50:12)

*******************************************************************
Unchanged modules: 23
MID:  lib.cell.view
0        COREAPB3_LIB.CAPB3II.verilog
1        COREAPB3_LIB.CAPB3O.verilog
2        COREAPB3_LIB.CoreAPB3.verilog
20       CORESPI_LIB.CORESPI.verilog
21       CORESPI_LIB.spi.verilog
22       CORESPI_LIB.spi_chanctrl.verilog
23       CORESPI_LIB.spi_clockmux.verilog
24       CORESPI_LIB.spi_control.verilog
25       CORESPI_LIB.spi_fifo.verilog
26       CORESPI_LIB.spi_rf.verilog
5        work.CoreResetP.verilog
6        work.MSS_010.verilog
7        work.RCOSC_1MHZ.verilog
8        work.RCOSC_1MHZ_FAB.verilog
9        work.RCOSC_25_50MHZ.verilog
10       work.RCOSC_25_50MHZ_FAB.verilog
11       work.XTLOSC.verilog
12       work.XTLOSC_FAB.verilog
13       work.cdh_tsat5_system_sb.verilog
14       work.cdh_tsat5_system_sb_CCC_0_FCCC.verilog
15       work.cdh_tsat5_system_sb_FABOSC_0_OSC.verilog
16       work.cdh_tsat5_system_sb_MSS.verilog
17       work.coreresetp_pcie_hotreset.verilog
